2025-06-04 14:50:04.031460 - Updating data for LOBI
    Appending to existing data in data/Q_Lobith_2023-.csv    Last available timestamp: 2025-05-25 00:00:00
    Fetching new data from https://waterwebservices.rijkswaterstaat.nl/ONLINEWAARNEMINGENSERVICES_DBO/OphalenWaarnemingen
    Returned: Success (status code: 200)
2025-06-04 14:50:07.874895 - Updating data for LOBI
    Appending to existing data in data/Q_Lobith_2023-.csv    Last available timestamp: 2025-06-03 00:00:00
    Fetching new data from https://waterwebservices.rijkswaterstaat.nl/ONLINEWAARNEMINGENSERVICES_DBO/OphalenWaarnemingen
    Returned: Success (status code: 200)
2025-06-04 15:14:35.871648 - Updating data for LOBI
    Appending to existing data in data/Q_Lobith_2023-.csv
    Last available timestamp: 2025-06-03 00:00:00
    Fetching new data from https://waterwebservices.rijkswaterstaat.nl/ONLINEWAARNEMINGENSERVICES_DBO/OphalenWaarnemingen
    Returned: Success (status code: 200)
    Fetched 223 new entries between 2025-06-03 01:00:00 and 2025-06-04 14:00:00
    including 0 missing values
2025-06-04 15:14:42.981593 - Updating data for LOBI
    Appending to existing data in data/Q_Lobith_2023-.csv
    Last available timestamp: 2025-06-03 00:00:00
    Fetching new data from https://waterwebservices.rijkswaterstaat.nl/ONLINEWAARNEMINGENSERVICES_DBO/OphalenWaarnemingen
    Returned: Success (status code: 200)
    Fetched 223 new entries between 2025-06-03 01:00:00 and 2025-06-04 14:00:00
    including 0 missing values
2025-06-04 15:14:46.081417 - Updating data for LOBI
    Appending to existing data in data/Q_Lobith_2023-.csv
    Last available timestamp: 2025-06-03 00:00:00
    Fetching new data from https://waterwebservices.rijkswaterstaat.nl/ONLINEWAARNEMINGENSERVICES_DBO/OphalenWaarnemingen
    Returned: Success (status code: 200)
    Fetched 223 new entries between 2025-06-03 01:00:00 and 2025-06-04 14:00:00
    including 0 missing values
2025-11-20 15:59:27.300435 - Updating data for LOBI
    Appending to existing data in data/Q_Lobith_2023-.csv
    Last available timestamp: 2025-06-03 00:00:00
    Fetching new data from https://waterwebservices.rijkswaterstaat.nl/ONLINEWAARNEMINGENSERVICES_DBO/OphalenWaarnemingen
    Returned: Success (status code: 200)
    Fetched 14192 new entries between 2025-06-03 01:00:00 and 2025-09-09 14:10:00
    including 10 missing values
2025-11-20 16:08:24.210611 - Updating data for LOBI
    Appending to existing data in data/Q_Lobith_2023-.csv
    Last available timestamp: 2025-09-08 00:00:00
    Fetching new data from https://waterwebservices.rijkswaterstaat.nl/ONLINEWAARNEMINGENSERVICES_DBO/OphalenWaarnemingen
    Returned: Success (status code: 200)
    Fetched 224 new entries between 2025-09-08 01:00:00 and 2025-09-09 14:10:00
    including 0 missing values
2025-11-22 15:25:42.950044 - Updating data for LOBI
    Appending to existing data in data/Q_Lobith_2023-.csv
    Last available timestamp: 2025-09-08 00:00:00
    Fetching new data from https://waterwebservices.rijkswaterstaat.nl/ONLINEWAARNEMINGENSERVICES_DBO/OphalenWaarnemingen
    Returned: Success (status code: 200)
    Fetched 224 new entries between 2025-09-08 01:00:00 and 2025-09-09 14:10:00
    including 0 missing values
2025-11-24 07:41:17.336034 - Updating data for LOBI
    Appending to existing data in data/Q_Lobith_2023-.csv
    Last available timestamp: 2025-09-08 00:00:00
    Fetching new data from https://waterwebservices.rijkswaterstaat.nl/ONLINEWAARNEMINGENSERVICES_DBO/OphalenWaarnemingen
    Returned: Success (status code: 200)
    Fetched 224 new entries between 2025-09-08 01:00:00 and 2025-09-09 14:10:00
    including 0 missing values
2025-11-24 08:29:32.140592 - Updating data for LOBI
    Appending to existing data in data/Q_Lobith_2023-.csv
    Last available timestamp: 2025-09-08 00:00:00
    Fetching new data from https://waterwebservices.rijkswaterstaat.nl/ONLINEWAARNEMINGENSERVICES_DBO/OphalenWaarnemingen
    Returned: Success (status code: 200)
    Fetched 10911 new entries between 2025-09-09 13:50:00 and 2025-11-24 08:10:00
    including 4 missing values
2026-03-04 23:18:47.083473 - Updating data for lobith.bovenrijn.tolkamer
    Appending to existing data in data/Q_Lobith_2023-.csv
    Last available timestamp: 2025-11-23 00:00:00
2026-03-04 23:21:16.453420 - Updating data for lobith.bovenrijn.tolkamer
    Appending to existing data in data/Q_Lobith_2023-.csv
    Last available timestamp: 2025-11-23 00:00:00
2026-03-04 23:23:33.081248 - Updating data for lobith.bovenrijn.tolkamer
    Appending to existing data in data/Q_Lobith_2023-.csv
    Last available timestamp: 2025-11-23 00:00:00
2026-03-04 23:24:15.862795 - Updating data for lobith.bovenrijn.tolkamer
    Appending to existing data in data/Q_Lobith_2023-.csv
    Last available timestamp: 2025-11-23 00:00:00
    Fetching new data from https://ddapi20-waterwebservices.rijkswaterstaat.nl/ONLINEWAARNEMINGENSERVICES/OphalenWaarnemingen
    Returned: Request failed (status code: 204)
2026-03-04 23:24:17.066474 - Updating data for maastricht.borgharen.maas.beneden
    Appending to existing data in data/Q_Lobith_2023-.csv
    Last available timestamp: 2025-11-23 00:00:00
2026-03-04 23:26:04.080665 - Updating data for lobith.bovenrijn.tolkamer
    Appending to existing data in data/Q_Lobith_2023-.csv
    Last available timestamp: 2025-11-23 00:00:00
    Fetching new data from https://ddapi20-waterwebservices.rijkswaterstaat.nl/ONLINEWAARNEMINGENSERVICES/OphalenWaarnemingen
    Returned: Request failed (status code: 204)
2026-03-04 23:26:04.213307 - Updating data for maastricht.borgharen.maas.beneden
    Appending to existing data in data/Q_Lobith_2023-.csv
    Last available timestamp: 2025-11-23 00:00:00
    Fetching new data from https://ddapi20-waterwebservices.rijkswaterstaat.nl/ONLINEWAARNEMINGENSERVICES/OphalenWaarnemingen
    Returned: Success (status code: 200)
    Fetched 14589 new entries between 2025-11-23 00:00:00 and 2026-03-04 23:10:00
    including 0 missing values
2026-03-12 08:31:04.555346 - Updating data for lobith.bovenrijn.tolkamer
    Appending to existing data in data/Q_Lobith_2023-.csv
    Last available timestamp: 2026-03-03 00:00:00
    Fetching new data from https://ddapi20-waterwebservices.rijkswaterstaat.nl/ONLINEWAARNEMINGENSERVICES/OphalenWaarnemingen
    Returned: Request failed (status code: 204)
2026-03-12 08:31:04.656938 - Updating data for maastricht.borgharen.maas.beneden
    Appending to existing data in data/Q_Lobith_2023-.csv
    Last available timestamp: 2026-03-03 00:00:00
    Fetching new data from https://ddapi20-waterwebservices.rijkswaterstaat.nl/ONLINEWAARNEMINGENSERVICES/OphalenWaarnemingen
    Returned: Success (status code: 200)
    Fetched 1341 new entries between 2026-03-03 00:00:00 and 2026-03-12 08:10:00
    including 0 missing values
2026-03-12 08:32:29.953540 - Updating data for lobith.bovenrijn.tolkamer
    Appending to existing data in data/Q_Lobith_2023-.csv
    Last available timestamp: 2026-03-11 00:00:00
    Fetching new data from https://ddapi20-waterwebservices.rijkswaterstaat.nl/ONLINEWAARNEMINGENSERVICES/OphalenWaarnemingen
    Returned: Request failed (status code: 204)
2026-03-12 08:32:30.046448 - Updating data for maastricht.borgharen.maas.beneden
    Appending to existing data in data/Q_Lobith_2023-.csv
    Last available timestamp: 2026-03-11 00:00:00
    Fetching new data from https://ddapi20-waterwebservices.rijkswaterstaat.nl/ONLINEWAARNEMINGENSERVICES/OphalenWaarnemingen
    Returned: Success (status code: 200)
    Fetched 191 new entries between 2026-03-11 00:00:00 and 2026-03-12 08:10:00
    including 0 missing values
2026-03-12 08:42:24.771310 - Updating data for lobith.bovenrijn.tolkamer
    Appending to existing data in data/Q_Lobith_2023-.csv
    Last available timestamp: 2026-03-11 00:00:00
2026-03-16 08:06:14.535509 - Updating data for lobith.bovenrijn.tolkamer
    Appending to existing data in data/Q_Lobith_2023-.csv
    Last available timestamp: 2026-03-11 00:00:00
    Fetching new data from https://ddapi20-waterwebservices.rijkswaterstaat.nl/ONLINEWAARNEMINGENSERVICES/OphalenWaarnemingen
    Returned: Success (status code: 200)
    Fetched 768 new entries between 2026-03-11 00:00:00 and 2026-03-16 07:50:00
    including 0 missing values
2026-03-16 08:06:14.885079 - Updating data for lobith.bovenrijn.tolkamer
    Replace existing data in data/Q_Lobith_verwacht.csv
    Fetching new data from https://ddapi20-waterwebservices.rijkswaterstaat.nl/ONLINEWAARNEMINGENSERVICES/OphalenWaarnemingen
    Returned: Success (status code: 200)
    Fetched 4651 new entries between 2026-02-14 00:00:00 and 2026-03-18 07:00:00
    including 0 missing values
2026-03-16 08:09:13.270400 - Updating data for lobith.bovenrijn.tolkamer
    Appending to existing data in data/Q_Lobith_2023-.csv
    Last available timestamp: 2026-03-15 00:00:00
    Fetching new data from https://ddapi20-waterwebservices.rijkswaterstaat.nl/ONLINEWAARNEMINGENSERVICES/OphalenWaarnemingen
    Returned: Success (status code: 200)
    Fetched 192 new entries between 2026-03-15 00:00:00 and 2026-03-16 07:50:00
    including 0 missing values
2026-03-16 08:09:13.476798 - Updating data for lobith.bovenrijn.tolkamer
    Replace existing data in data/Q_Lobith_verwacht.csv
    Fetching new data from https://ddapi20-waterwebservices.rijkswaterstaat.nl/ONLINEWAARNEMINGENSERVICES/OphalenWaarnemingen
    Returned: Success (status code: 200)
    Fetched 4651 new entries between 2026-02-14 00:00:00 and 2026-03-18 07:00:00
    including 0 missing values
2026-03-16 08:13:17.305999 - Updating data for lobith.bovenrijn.tolkamer
    Appending to existing data in data/Q_Lobith_2023-.csv
    Last available timestamp: 2026-03-15 00:00:00
    Fetching new data from https://ddapi20-waterwebservices.rijkswaterstaat.nl/ONLINEWAARNEMINGENSERVICES/OphalenWaarnemingen
    Returned: Success (status code: 200)
    Fetched 193 new entries between 2026-03-15 00:00:00 and 2026-03-16 08:00:00
    including 0 missing values
2026-03-16 08:13:17.509330 - Updating data for lobith.bovenrijn.tolkamer
    Replace existing data in data/Q_Lobith_verwacht.csv
    Fetching new data from https://ddapi20-waterwebservices.rijkswaterstaat.nl/ONLINEWAARNEMINGENSERVICES/OphalenWaarnemingen
    Returned: Success (status code: 200)
    Fetched 4651 new entries between 2026-02-14 00:00:00 and 2026-03-18 07:00:00
    including 0 missing values
2026-03-16 08:15:31.711891 - Updating data for lobith.bovenrijn.tolkamer
    Appending to existing data in data/Q_Lobith_2023-.csv
    Last available timestamp: 2026-03-15 00:00:00
    Fetching new data from https://ddapi20-waterwebservices.rijkswaterstaat.nl/ONLINEWAARNEMINGENSERVICES/OphalenWaarnemingen
    Returned: Success (status code: 200)
    Fetched 193 new entries between 2026-03-15 00:00:00 and 2026-03-16 08:00:00
    including 0 missing values
2026-03-16 08:15:31.898478 - Updating data for lobith.bovenrijn.tolkamer
    Replace existing data in data/Q_Lobith_verwacht.csv
    Fetching new data from https://ddapi20-waterwebservices.rijkswaterstaat.nl/ONLINEWAARNEMINGENSERVICES/OphalenWaarnemingen
    Returned: Success (status code: 200)
    Fetched 4651 new entries between 2026-02-14 00:00:00 and 2026-03-18 07:00:00
    including 0 missing values
2026-03-16 08:17:28.739458 - Updating data for lobith.bovenrijn.tolkamer
    Appending to existing data in data/Q_Lobith_2023-.csv
    Last available timestamp: 2026-03-15 00:00:00
    Fetching new data from https://ddapi20-waterwebservices.rijkswaterstaat.nl/ONLINEWAARNEMINGENSERVICES/OphalenWaarnemingen
    Returned: Success (status code: 200)
    Fetched 193 new entries between 2026-03-15 00:00:00 and 2026-03-16 08:00:00
    including 0 missing values
2026-03-16 08:17:28.894199 - Updating data for lobith.bovenrijn.tolkamer
    Replace existing data in data/Q_Lobith_verwacht.csv
    Fetching new data from https://ddapi20-waterwebservices.rijkswaterstaat.nl/ONLINEWAARNEMINGENSERVICES/OphalenWaarnemingen
    Returned: Success (status code: 200)
    Fetched 4651 new entries between 2026-02-14 00:00:00 and 2026-03-18 07:00:00
    including 0 missing values
2026-03-24 21:16:26.759140 - Updating data for lobith.bovenrijn.tolkamer
    Appending to existing data in data/Q_Lobith_2023-.csv
    Last available timestamp: 2026-03-15 00:00:00
    Fetching new data from https://ddapi20-waterwebservices.rijkswaterstaat.nl/ONLINEWAARNEMINGENSERVICES/OphalenWaarnemingen
    Returned: Success (status code: 200)
    Fetched 1420 new entries between 2026-03-15 00:00:00 and 2026-03-24 20:50:00
    including 0 missing values
2026-03-24 21:16:27.089401 - Updating data for lobith.bovenrijn.tolkamer
    Replace existing data in data/Q_Lobith_verwacht.csv
    Fetching new data from https://ddapi20-waterwebservices.rijkswaterstaat.nl/ONLINEWAARNEMINGENSERVICES/OphalenWaarnemingen
    Returned: Success (status code: 200)
    Fetched 4649 new entries between 2026-02-22 00:00:00 and 2026-03-26 07:00:00
    including 0 missing values
2026-03-24 21:18:07.982166 - Updating data for lobith.bovenrijn.tolkamer
    Appending to existing data in data/Q_Lobith_2023-.csv
    Last available timestamp: 2026-03-23 00:00:00
    Fetching new data from https://ddapi20-waterwebservices.rijkswaterstaat.nl/ONLINEWAARNEMINGENSERVICES/OphalenWaarnemingen
    Returned: Success (status code: 200)
    Fetched 269 new entries between 2026-03-23 00:00:00 and 2026-03-24 20:50:00
    including 0 missing values
2026-03-24 21:18:08.169822 - Updating data for lobith.bovenrijn.tolkamer
    Replace existing data in data/Q_Lobith_verwacht.csv
    Fetching new data from https://ddapi20-waterwebservices.rijkswaterstaat.nl/ONLINEWAARNEMINGENSERVICES/OphalenWaarnemingen
    Returned: Success (status code: 200)
    Fetched 4649 new entries between 2026-02-22 00:00:00 and 2026-03-26 07:00:00
    including 0 missing values
2026-03-24 22:14:57.380389 - Updating data for lobith.bovenrijn.tolkamer
    Appending to existing data in data/Q_Lobith_2023-.csv
    Last available timestamp: 2026-03-23 00:00:00
    Fetching new data from https://ddapi20-waterwebservices.rijkswaterstaat.nl/ONLINEWAARNEMINGENSERVICES/OphalenWaarnemingen
    Returned: Success (status code: 200)
    Fetched 276 new entries between 2026-03-23 00:00:00 and 2026-03-24 22:00:00
    including 0 missing values
2026-03-24 22:15:04.056289 - Updating data for lobith.bovenrijn.tolkamer
    Appending to existing data in data/Q_Lobith_2023-.csv
    Last available timestamp: 2026-03-23 00:00:00
    Fetching new data from https://ddapi20-waterwebservices.rijkswaterstaat.nl/ONLINEWAARNEMINGENSERVICES/OphalenWaarnemingen
    Returned: Success (status code: 200)
    Fetched 276 new entries between 2026-03-23 00:00:00 and 2026-03-24 22:00:00
    including 0 missing values
2026-03-24 22:23:22.455983 - Updating data for lobith.bovenrijn.tolkamer
    Appending to existing data in data/Q_Lobith_2023-.csv
    Last available timestamp: 2026-03-23 00:00:00
    Fetching new data from https://ddapi20-waterwebservices.rijkswaterstaat.nl/ONLINEWAARNEMINGENSERVICES/OphalenWaarnemingen
    Returned: Success (status code: 200)
    Fetched 276 new entries between 2026-03-23 00:00:00 and 2026-03-24 22:00:00
    including 0 missing values
2026-03-24 22:23:45.463797 - Updating data for lobith.bovenrijn.tolkamer
    Appending to existing data in data/Q_Lobith_2023-.csv
    Last available timestamp: 2026-03-23 00:00:00
    Fetching new data from https://ddapi20-waterwebservices.rijkswaterstaat.nl/ONLINEWAARNEMINGENSERVICES/OphalenWaarnemingen
    Returned: Success (status code: 200)
    Fetched 276 new entries between 2026-03-23 00:00:00 and 2026-03-24 22:00:00
    including 0 missing values
2026-03-24 22:25:37.189599 - Updating data for lobith.bovenrijn.tolkamer
    Appending to existing data in data/Q_Lobith_2023-.csv
    Last available timestamp: 2026-03-23 00:00:00
    Fetching new data from https://ddapi20-waterwebservices.rijkswaterstaat.nl/ONLINEWAARNEMINGENSERVICES/OphalenWaarnemingen
    Returned: Success (status code: 200)
    Fetched 276 new entries between 2026-03-23 00:00:00 and 2026-03-24 22:00:00
    including 0 missing values
2026-03-24 22:25:40.349229 - Updating data for lobith.bovenrijn.tolkamer
    Appending to existing data in data/Q_Lobith_2023-.csv
    Last available timestamp: 2026-03-23 00:00:00
    Fetching new data from https://ddapi20-waterwebservices.rijkswaterstaat.nl/ONLINEWAARNEMINGENSERVICES/OphalenWaarnemingen
    Returned: Success (status code: 200)
    Fetched 276 new entries between 2026-03-23 00:00:00 and 2026-03-24 22:00:00
    including 0 missing values
2026-03-24 22:28:58.150497 - Updating data for lobith.bovenrijn.tolkamer
    Appending to existing data in data/Q_Lobith_2023-.csv
    Last available timestamp: 2025-11-23 00:00:00
    Fetching new data from https://ddapi20-waterwebservices.rijkswaterstaat.nl/ONLINEWAARNEMINGENSERVICES/OphalenWaarnemingen
    Returned: Success (status code: 200)
    Fetched 17548 new entries between 2025-11-23 00:00:00 and 2026-03-24 22:00:00
    including 0 missing values
2026-03-24 22:29:10.207994 - Updating data for lobith.bovenrijn.tolkamer
    Appending to existing data in data/Q_Lobith_2023-.csv
    Last available timestamp: 2026-03-23 00:00:00
    Fetching new data from https://ddapi20-waterwebservices.rijkswaterstaat.nl/ONLINEWAARNEMINGENSERVICES/OphalenWaarnemingen
    Returned: Success (status code: 200)
    Fetched 276 new entries between 2026-03-23 00:00:00 and 2026-03-24 22:00:00
    including 0 missing values
