2025-06-04 14:50:04.593572 - Updating data for LOBI
    Replace existing data in data/Q_Lobith_verwacht.csv
    Fetching new data from https://waterwebservices.rijkswaterstaat.nl/ONLINEWAARNEMINGENSERVICES_DBO/OphalenWaarnemingen
    Returned: Success (status code: 200)
2025-06-04 14:50:08.118427 - Updating data for LOBI
    Replace existing data in data/Q_Lobith_verwacht.csv
    Fetching new data from https://waterwebservices.rijkswaterstaat.nl/ONLINEWAARNEMINGENSERVICES_DBO/OphalenWaarnemingen
    Returned: Success (status code: 200)
2025-06-04 15:14:36.165273 - Updating data for LOBI
    Replace existing data in data/Q_Lobith_verwacht.csv
    Fetching new data from https://waterwebservices.rijkswaterstaat.nl/ONLINEWAARNEMINGENSERVICES_DBO/OphalenWaarnemingen
    Returned: Success (status code: 200)
    Fetched 289 new entries between 2025-06-04 06:00:00 and 2025-06-06 06:00:00
    including 0 missing values
2025-06-04 15:14:43.282594 - Updating data for LOBI
    Replace existing data in data/Q_Lobith_verwacht.csv
    Fetching new data from https://waterwebservices.rijkswaterstaat.nl/ONLINEWAARNEMINGENSERVICES_DBO/OphalenWaarnemingen
    Returned: Success (status code: 200)
    Fetched 289 new entries between 2025-06-04 06:00:00 and 2025-06-06 06:00:00
    including 0 missing values
2025-06-04 15:14:46.347867 - Updating data for LOBI
    Replace existing data in data/Q_Lobith_verwacht.csv
    Fetching new data from https://waterwebservices.rijkswaterstaat.nl/ONLINEWAARNEMINGENSERVICES_DBO/OphalenWaarnemingen
    Returned: Success (status code: 200)
    Fetched 289 new entries between 2025-06-04 06:00:00 and 2025-06-06 06:00:00
    including 0 missing values
2025-06-04 15:16:36.708528 - Updating data for LOBI
    Replace existing data in data/Q_Lobith_verwacht.csv
    Fetching new data from https://waterwebservices.rijkswaterstaat.nl/ONLINEWAARNEMINGENSERVICES_DBO/OphalenWaarnemingen
    Returned: Success (status code: 200)
    Fetched 289 new entries between 2025-06-04 06:00:00 and 2025-06-06 06:00:00
    including 0 missing values
2025-06-04 15:19:45.173010 - Updating data for LOBI
    Replace existing data in data/Q_Lobith_verwacht.csv
    Fetching new data from https://waterwebservices.rijkswaterstaat.nl/ONLINEWAARNEMINGENSERVICES_DBO/OphalenWaarnemingen
    Returned: Success (status code: 200)
    Fetched 289 new entries between 2025-06-04 06:00:00 and 2025-06-06 06:00:00
    including 0 missing values
2026-03-02 22:50:58.246860 - Updating data for LOBI
    Replace existing data in data/Q_Lobith_verwacht.csv
    Fetching new data from https://waterwebservices.rijkswaterstaat.nl/ONLINEWAARNEMINGENSERVICES_DBO/OphalenWaarnemingen
    Returned: Success (status code: 200)
    Fetched 282 new entries between 2026-03-02 08:10:00 and 2026-03-04 07:00:00
    including 0 missing values
2026-03-02 22:51:01.850995 - Updating data for LOBI
    Replace existing data in data/Q_Lobith_verwacht.csv
    Fetching new data from https://waterwebservices.rijkswaterstaat.nl/ONLINEWAARNEMINGENSERVICES_DBO/OphalenWaarnemingen
    Returned: Success (status code: 200)
    Fetched 282 new entries between 2026-03-02 08:10:00 and 2026-03-04 07:00:00
    including 0 missing values
2026-03-04 23:13:54.998325 - Updating data for LOBI
    Replace existing data in data/Q_Lobith_verwacht.csv
2026-03-11 22:50:05.388286 - Updating data for LOBI
    Replace existing data in data/Q_Lobith_verwacht.csv
2026-03-11 22:55:49.803035 - Updating data for lobith.bovenrijn.tolkamer
    Replace existing data in data/Q_Lobith_verwacht.csv
    Fetching new data from https://ddapi20-waterwebservices.rijkswaterstaat.nl/ONLINEWAARNEMINGENSERVICES/OphalenWaarnemingen
    Returned: Success (status code: 200)
    Fetched 4651 new entries between 2026-02-09 00:00:00 and 2026-03-13 07:00:00
    including 0 missing values
2026-03-11 22:57:11.732363 - Updating data for lobith.bovenrijn.tolkamer
    Replace existing data in data/Q_Lobith_verwacht.csv
    Fetching new data from https://ddapi20-waterwebservices.rijkswaterstaat.nl/ONLINEWAARNEMINGENSERVICES/OphalenWaarnemingen
    Returned: Success (status code: 200)
    Fetched 4651 new entries between 2026-02-09 00:00:00 and 2026-03-13 07:00:00
    including 0 missing values
2026-03-11 23:03:14.946988 - Updating data for lobith.bovenrijn.tolkamer
    Replace existing data in data/Q_Lobith_verwacht.csv
    Fetching new data from https://ddapi20-waterwebservices.rijkswaterstaat.nl/ONLINEWAARNEMINGENSERVICES/OphalenWaarnemingen
    Returned: Success (status code: 200)
    Fetched 4651 new entries between 2026-02-09 00:00:00 and 2026-03-13 07:00:00
    including 0 missing values
2026-03-11 23:06:05.802346 - Updating data for lobith.bovenrijn.tolkamer
    Replace existing data in data/Q_Lobith_verwacht.csv
    Fetching new data from https://ddapi20-waterwebservices.rijkswaterstaat.nl/ONLINEWAARNEMINGENSERVICES/OphalenWaarnemingen
    Returned: Success (status code: 200)
    Fetched 4651 new entries between 2026-02-09 00:00:00 and 2026-03-13 07:00:00
    including 0 missing values
2026-03-11 23:09:23.056260 - Updating data for lobith.bovenrijn.tolkamer
    Replace existing data in data/Q_Lobith_verwacht.csv
    Fetching new data from https://ddapi20-waterwebservices.rijkswaterstaat.nl/ONLINEWAARNEMINGENSERVICES/OphalenWaarnemingen
    Returned: Success (status code: 200)
    Fetched 4651 new entries between 2026-02-09 00:00:00 and 2026-03-13 07:00:00
    including 0 missing values
2026-03-24 22:14:57.669386 - Updating data for lobith.bovenrijn.tolkamer
    Replace existing data in data/Q_Lobith_verwacht.csv
    Fetching new data from https://ddapi20-waterwebservices.rijkswaterstaat.nl/ONLINEWAARNEMINGENSERVICES/OphalenWaarnemingen
    Returned: Success (status code: 200)
    Fetched 4649 new entries between 2026-02-22 00:00:00 and 2026-03-26 07:00:00
    including 0 missing values
2026-03-24 22:15:04.265843 - Updating data for lobith.bovenrijn.tolkamer
    Replace existing data in data/Q_Lobith_verwacht.csv
    Fetching new data from https://ddapi20-waterwebservices.rijkswaterstaat.nl/ONLINEWAARNEMINGENSERVICES/OphalenWaarnemingen
    Returned: Success (status code: 200)
    Fetched 4649 new entries between 2026-02-22 00:00:00 and 2026-03-26 07:00:00
    including 0 missing values
2026-03-24 22:23:22.658682 - Updating data for lobith.bovenrijn.tolkamer
    Replace existing data in data/Q_Lobith_verwacht.csv
    Fetching new data from https://ddapi20-waterwebservices.rijkswaterstaat.nl/ONLINEWAARNEMINGENSERVICES/OphalenWaarnemingen
    Returned: Success (status code: 200)
    Fetched 473 new entries between 2026-03-23 00:00:00 and 2026-03-26 07:00:00
    including 0 missing values
2026-03-24 22:23:45.653096 - Updating data for lobith.bovenrijn.tolkamer
    Replace existing data in data/Q_Lobith_verwacht.csv
    Fetching new data from https://ddapi20-waterwebservices.rijkswaterstaat.nl/ONLINEWAARNEMINGENSERVICES/OphalenWaarnemingen
    Returned: Success (status code: 200)
    Fetched 473 new entries between 2026-03-23 00:00:00 and 2026-03-26 07:00:00
    including 0 missing values
2026-03-24 22:25:37.417168 - Updating data for lobith.bovenrijn.tolkamer
    Replace existing data in data/Q_Lobith_verwacht.csv
    Fetching new data from https://ddapi20-waterwebservices.rijkswaterstaat.nl/ONLINEWAARNEMINGENSERVICES/OphalenWaarnemingen
    Returned: Success (status code: 200)
    Fetched 473 new entries between 2026-03-23 00:00:00 and 2026-03-26 07:00:00
    including 0 missing values
2026-03-24 22:25:40.535748 - Updating data for lobith.bovenrijn.tolkamer
    Replace existing data in data/Q_Lobith_verwacht.csv
    Fetching new data from https://ddapi20-waterwebservices.rijkswaterstaat.nl/ONLINEWAARNEMINGENSERVICES/OphalenWaarnemingen
    Returned: Success (status code: 200)
    Fetched 473 new entries between 2026-03-23 00:00:00 and 2026-03-26 07:00:00
    including 0 missing values
2026-03-24 22:29:07.348623 - Updating data for lobith.bovenrijn.tolkamer
    Replace existing data in data/Q_Lobith_verwacht.csv
    Fetching new data from https://ddapi20-waterwebservices.rijkswaterstaat.nl/ONLINEWAARNEMINGENSERVICES/OphalenWaarnemingen
    Returned: Success (status code: 200)
    Fetched 473 new entries between 2026-03-23 00:00:00 and 2026-03-26 07:00:00
    including 0 missing values
2026-03-24 22:29:10.412136 - Updating data for lobith.bovenrijn.tolkamer
    Replace existing data in data/Q_Lobith_verwacht.csv
    Fetching new data from https://ddapi20-waterwebservices.rijkswaterstaat.nl/ONLINEWAARNEMINGENSERVICES/OphalenWaarnemingen
    Returned: Success (status code: 200)
    Fetched 473 new entries between 2026-03-23 00:00:00 and 2026-03-26 07:00:00
    including 0 missing values
2026-03-26 21:06:54.899660 - Updating data for lobith.bovenrijn.tolkamer
    Replace existing data in data/Q_Lobith_verwacht.csv
    Fetching new data from https://ddapi20-waterwebservices.rijkswaterstaat.nl/ONLINEWAARNEMINGENSERVICES/OphalenWaarnemingen
    Returned: Success (status code: 200)
    Fetched 475 new entries between 2026-03-25 00:00:00 and 2026-03-28 07:00:00
    including 0 missing values
2026-03-26 21:06:57.609715 - Updating data for lobith.bovenrijn.tolkamer
    Replace existing data in data/Q_Lobith_verwacht.csv
    Fetching new data from https://ddapi20-waterwebservices.rijkswaterstaat.nl/ONLINEWAARNEMINGENSERVICES/OphalenWaarnemingen
    Returned: Success (status code: 200)
    Fetched 475 new entries between 2026-03-25 00:00:00 and 2026-03-28 07:00:00
    including 0 missing values
